{"change_type":"WorkingCopy","change_id":"qnxonnkx","commit_id":"3a7db7e5","empty":false,"bookmark":"main","description":null}
